---
http_interactions:
- request:
    method: get
    uri: http://Lt4Q6zAvGzmbN7dsbcmA@localhost:3000/assur-219/api/v1/expenses.json
    body:
      encoding: US-ASCII
      string: ''
    headers:
      authorization:
      - Basic THQ0UTZ6QXZHem1iTjdkc2JjbUE6
  response:
    status:
      code: 200
      message: ! 'OK '
    headers:
      x-ratelimit-limit:
      - '1000'
      x-ratelimit-remaining:
      - '509'
      content-type:
      - application/json; charset=utf-8
      x-ua-compatible:
      - IE=Edge
      etag:
      - ! '"81e48e955963f415f9cb6d000ae1f01e"'
      cache-control:
      - max-age=0, private, must-revalidate
      x-request-id:
      - e8c359e6abc09a10d73d8f35f5a6c493
      x-runtime:
      - '0.171910'
      content-length:
      - '3893'
      server:
      - WEBrick/1.3.1 (Ruby/1.9.2/2012-04-20)
      date:
      - Thu, 11 Oct 2012 10:13:53 GMT
      connection:
      - close
    body:
      encoding: US-ASCII
      string: ! '[{"id":"50769be02f412e0e2e000054","number":"5","issue_date":"2012-10-11","contact":{"id":"5073f9c22f412e02d0000032","full_name":"A
        Company"},"po_number":null,"currency":"EUR","items":[{"description":"Aircraft","quantity":"1.0","unit_price":"0.0","discount_rate":"0.0","tax_1_name":null,"tax_1_rate":null,"tax_2_name":null,"tax_2_rate":null,"subtotal":"\u20ac0.00","discount":"\u20ac0.00","gross_amount":"\u20ac0.00"}],"subtotal":"\u20ac0.00","discount":"\u20ac0.00","taxes":[],"total":"\u20ac0.00","payments":[],"tags":"tnt","notes":"","state":"outstanding","url":"http://localhost:3000/assur-219/api/v1/expenses/50769be02f412e0e2e000054"},{"id":"50769b9c2f412e0e2e000045","number":"5","issue_date":"2012-10-11","contact":{"id":"5073f9c22f412e02d0000032","full_name":"A
        Company"},"po_number":null,"currency":"EUR","items":[{"description":"Aircraft","quantity":"1.0","unit_price":"0.0","discount_rate":"0.0","tax_1_name":null,"tax_1_rate":null,"tax_2_name":null,"tax_2_rate":null,"subtotal":"\u20ac0.00","discount":"\u20ac0.00","gross_amount":"\u20ac0.00"}],"subtotal":"\u20ac0.00","discount":"\u20ac0.00","taxes":[],"total":"\u20ac0.00","payments":[{"id":"50769be02f412e0e2e000052","payment_date":"2012-10-11","payment_method":"cash","amount":"\u20ac1,000,000.00","url":"http://localhost:3000/assur-219/api/v1/expenses/50769b9c2f412e0e2e000045/payments/50769be02f412e0e2e000052"}],"tags":"tnt","notes":"","state":"paid","url":"http://localhost:3000/assur-219/api/v1/expenses/50769b9c2f412e0e2e000045"},{"id":"50769b0c2f412e0e2e000036","number":"5","issue_date":"2012-10-11","contact":{"id":"5073f9c22f412e02d0000032","full_name":"A
        Company"},"po_number":null,"currency":"EUR","items":[{"description":"Aircraft","quantity":"1.0","unit_price":"0.0","discount_rate":"0.0","tax_1_name":null,"tax_1_rate":null,"tax_2_name":null,"tax_2_rate":null,"subtotal":"\u20ac0.00","discount":"\u20ac0.00","gross_amount":"\u20ac0.00"}],"subtotal":"\u20ac0.00","discount":"\u20ac0.00","taxes":[],"total":"\u20ac0.00","payments":[{"id":"50769b9c2f412e0e2e000043","payment_date":"2012-10-11","payment_method":"cash","amount":"\u20ac1,000,000.00","url":"http://localhost:3000/assur-219/api/v1/expenses/50769b0c2f412e0e2e000036/payments/50769b9c2f412e0e2e000043"}],"tags":"tnt","notes":"","state":"paid","url":"http://localhost:3000/assur-219/api/v1/expenses/50769b0c2f412e0e2e000036"},{"id":"5074102d2f412e068d000088","number":"0000021","issue_date":"2012-10-09","contact":{"id":"5073f9c22f412e02d0000032","full_name":"A
        Company"},"po_number":null,"currency":"USD","items":[{"description":"Aircraft","quantity":"1.0","unit_price":"0.0","discount_rate":"0.0","tax_1_name":null,"tax_1_rate":null,"tax_2_name":null,"tax_2_rate":null,"subtotal":"$0.00","discount":"$0.00","gross_amount":"$0.00"}],"subtotal":"$0.00","discount":"$0.00","taxes":[],"total":"$0.00","payments":[],"tags":"tnt","notes":"","state":"outstanding","url":"http://localhost:3000/assur-219/api/v1/expenses/5074102d2f412e068d000088"},{"id":"5059beab2f412e0901000057","number":"0001","issue_date":"2012-09-19","contact":{"id":"5072a5522f412e0315000026","full_name":"Test_OCP"},"po_number":"12345","currency":"EUR","items":[{"description":"TNT","quantity":"1.0","unit_price":"0.0","discount_rate":"0.0","tax_1_name":"IVA","tax_1_rate":"21.0","tax_2_name":"IVA","tax_2_rate":"21.0","subtotal":"\u20ac0.00","discount":"\u20ac0.00","gross_amount":"\u20ac0.00"}],"subtotal":"\u20ac0.00","discount":"\u20ac0.00","taxes":[{"label":"IVA
        (21.00%)","amount":"\u20ac0.00"}],"total":"\u20ac0.00","payments":[{"id":"5074102d2f412e068d000082","payment_date":"2012-10-09","payment_method":"cash","amount":"\u20ac1,000,000.00","url":"http://localhost:3000/assur-219/api/v1/expenses/5059beab2f412e0901000057/payments/5074102d2f412e068d000082"}],"tags":"tnt","notes":"","state":"paid","url":"http://localhost:3000/assur-219/api/v1/expenses/5059beab2f412e0901000057"}]'
    http_version: '1.1'
  recorded_at: Thu, 11 Oct 2012 10:13:53 GMT
- request:
    method: delete
    uri: http://Lt4Q6zAvGzmbN7dsbcmA@localhost:3000/assur-219/api/v1/expenses/50769b0c2f412e0e2e000036.json
    body:
      encoding: US-ASCII
      string: ''
    headers:
      authorization:
      - Basic THQ0UTZ6QXZHem1iTjdkc2JjbUE6
  response:
    status:
      code: 204
      message: ! 'No Content '
    headers:
      x-ratelimit-limit:
      - '1000'
      x-ratelimit-remaining:
      - '508'
      x-ua-compatible:
      - IE=Edge
      cache-control:
      - no-cache
      x-request-id:
      - ef59acc4589af2ebcdae0227607015ac
      x-runtime:
      - '0.034322'
      server:
      - WEBrick/1.3.1 (Ruby/1.9.2/2012-04-20)
      date:
      - Thu, 11 Oct 2012 10:13:53 GMT
      connection:
      - close
      set-cookie:
      - _dubsr_session=BAh7BkkiD3Nlc3Npb25faWQGOgZFRkkiJTMzNTMyMTE3NTNjZTEyMzAwMzAyOGY4OWQ2ZDNhYTI4BjsAVA%3D%3D--b7802deeecd51c7a68a2b8858d7ecaea8df011e2;
        path=/; HttpOnly
    body:
      encoding: US-ASCII
      string: ''
    http_version: '1.1'
  recorded_at: Thu, 11 Oct 2012 10:13:53 GMT
- request:
    method: get
    uri: http://Lt4Q6zAvGzmbN7dsbcmA@localhost:3000/assur-219/api/v1/expenses.json
    body:
      encoding: US-ASCII
      string: ''
    headers:
      authorization:
      - Basic THQ0UTZ6QXZHem1iTjdkc2JjbUE6
  response:
    status:
      code: 200
      message: ! 'OK '
    headers:
      x-ratelimit-limit:
      - '1000'
      x-ratelimit-remaining:
      - '507'
      content-type:
      - application/json; charset=utf-8
      x-ua-compatible:
      - IE=Edge
      etag:
      - ! '"465458aa65d37e7b34a81b941526858e"'
      cache-control:
      - max-age=0, private, must-revalidate
      x-request-id:
      - 73c5f376f1619121626140aaf6b840f2
      x-runtime:
      - '0.060260'
      content-length:
      - '3031'
      server:
      - WEBrick/1.3.1 (Ruby/1.9.2/2012-04-20)
      date:
      - Thu, 11 Oct 2012 10:13:53 GMT
      connection:
      - close
    body:
      encoding: US-ASCII
      string: ! '[{"id":"50769be02f412e0e2e000054","number":"5","issue_date":"2012-10-11","contact":{"id":"5073f9c22f412e02d0000032","full_name":"A
        Company"},"po_number":null,"currency":"EUR","items":[{"description":"Aircraft","quantity":"1.0","unit_price":"0.0","discount_rate":"0.0","tax_1_name":null,"tax_1_rate":null,"tax_2_name":null,"tax_2_rate":null,"subtotal":"\u20ac0.00","discount":"\u20ac0.00","gross_amount":"\u20ac0.00"}],"subtotal":"\u20ac0.00","discount":"\u20ac0.00","taxes":[],"total":"\u20ac0.00","payments":[],"tags":"tnt","notes":"","state":"outstanding","url":"http://localhost:3000/assur-219/api/v1/expenses/50769be02f412e0e2e000054"},{"id":"50769b9c2f412e0e2e000045","number":"5","issue_date":"2012-10-11","contact":{"id":"5073f9c22f412e02d0000032","full_name":"A
        Company"},"po_number":null,"currency":"EUR","items":[{"description":"Aircraft","quantity":"1.0","unit_price":"0.0","discount_rate":"0.0","tax_1_name":null,"tax_1_rate":null,"tax_2_name":null,"tax_2_rate":null,"subtotal":"\u20ac0.00","discount":"\u20ac0.00","gross_amount":"\u20ac0.00"}],"subtotal":"\u20ac0.00","discount":"\u20ac0.00","taxes":[],"total":"\u20ac0.00","payments":[{"id":"50769be02f412e0e2e000052","payment_date":"2012-10-11","payment_method":"cash","amount":"\u20ac1,000,000.00","url":"http://localhost:3000/assur-219/api/v1/expenses/50769b9c2f412e0e2e000045/payments/50769be02f412e0e2e000052"}],"tags":"tnt","notes":"","state":"paid","url":"http://localhost:3000/assur-219/api/v1/expenses/50769b9c2f412e0e2e000045"},{"id":"5074102d2f412e068d000088","number":"0000021","issue_date":"2012-10-09","contact":{"id":"5073f9c22f412e02d0000032","full_name":"A
        Company"},"po_number":null,"currency":"USD","items":[{"description":"Aircraft","quantity":"1.0","unit_price":"0.0","discount_rate":"0.0","tax_1_name":null,"tax_1_rate":null,"tax_2_name":null,"tax_2_rate":null,"subtotal":"$0.00","discount":"$0.00","gross_amount":"$0.00"}],"subtotal":"$0.00","discount":"$0.00","taxes":[],"total":"$0.00","payments":[],"tags":"tnt","notes":"","state":"outstanding","url":"http://localhost:3000/assur-219/api/v1/expenses/5074102d2f412e068d000088"},{"id":"5059beab2f412e0901000057","number":"0001","issue_date":"2012-09-19","contact":{"id":"5072a5522f412e0315000026","full_name":"Test_OCP"},"po_number":"12345","currency":"EUR","items":[{"description":"TNT","quantity":"1.0","unit_price":"0.0","discount_rate":"0.0","tax_1_name":"IVA","tax_1_rate":"21.0","tax_2_name":"IVA","tax_2_rate":"21.0","subtotal":"\u20ac0.00","discount":"\u20ac0.00","gross_amount":"\u20ac0.00"}],"subtotal":"\u20ac0.00","discount":"\u20ac0.00","taxes":[{"label":"IVA
        (21.00%)","amount":"\u20ac0.00"}],"total":"\u20ac0.00","payments":[{"id":"5074102d2f412e068d000082","payment_date":"2012-10-09","payment_method":"cash","amount":"\u20ac1,000,000.00","url":"http://localhost:3000/assur-219/api/v1/expenses/5059beab2f412e0901000057/payments/5074102d2f412e068d000082"}],"tags":"tnt","notes":"","state":"paid","url":"http://localhost:3000/assur-219/api/v1/expenses/5059beab2f412e0901000057"}]'
    http_version: '1.1'
  recorded_at: Thu, 11 Oct 2012 10:13:53 GMT
recorded_with: VCR 2.2.4
