---
http_interactions:
- request:
    method: get
    uri: http://RsNaLsNr1KZcdrQRKKKk@uruk-1066.sandbox-quadernoapp.com/api/v1/expenses.json
    body:
      encoding: US-ASCII
      string: ''
    headers:
      authorization:
      - Basic UnNOYUxzTnIxS1pjZHJRUktLS2s6
  response:
    status:
      code: 200
      message: OK
    headers:
      server:
      - nginx/1.4.5
      date:
      - Tue, 01 Jul 2014 09:07:18 GMT
      content-type:
      - application/json; charset=utf-8
      transfer-encoding:
      - chunked
      connection:
      - close
      status:
      - 200 OK
      x-ratelimit-limit:
      - '2000'
      x-ratelimit-remaining:
      - '1960'
      x-pages-currentpage:
      - '1'
      x-pages-totalpages:
      - '1'
      x-ua-compatible:
      - IE=Edge,chrome=1
      etag:
      - ! '"3e3f97d65226a933e567d56c0eec4407"'
      cache-control:
      - must-revalidate, private, max-age=0
      x-request-id:
      - c4175e494b7d107c236c4efc497d4585
      x-runtime:
      - '0.135283'
      x-rack-cache:
      - miss
    body:
      encoding: US-ASCII
      string: ! '[{"id":492370,"number":null,"issue_date":"2014-07-01","contact":{"id":142301,"full_name":"Vince
        Offer"},"po_number":"","currency":"EUR","items":[{"id":1294888,"description":"ShamWow","quantity":"100.0","unit_price":"9.99","discount_rate":"0.0","tax_1_name":"","tax_1_rate":null,"tax_2_name":"","tax_2_rate":null,"reference":"","subtotal":"999.00
        \u20ac","discount":"0.00 \u20ac","gross_amount":"999.00 \u20ac"}],"subtotal":"999.00
        \u20ac","discount":"0.00 \u20ac","taxes":[],"total":"999.00 \u20ac","payments":[{"id":328807,"date":"2014-07-01","payment_method":"cash","amount":"10,000.00
        \u20ac","url":"http://uruk-1066.sandbox-quadernoapp.com/api/v1/expenses/492370/payments/328807.json"}],"notes":"","state":"paid","tag_list":[],"url":"http://uruk-1066.sandbox-quadernoapp.com/api/v1/expenses/492370.json"},{"id":492368,"number":null,"issue_date":"2014-07-01","contact":{"id":142299,"full_name":"Test_OCP
        Stanman"},"po_number":"","currency":"EUR","items":[{"id":1294884,"description":"The
        Cadillac of Coffins''","quantity":"1.0","unit_price":"100000.0","discount_rate":"0.0","tax_1_name":"","tax_1_rate":null,"tax_2_name":"","tax_2_rate":null,"reference":"","subtotal":"100,000.00
        \u20ac","discount":"0.00 \u20ac","gross_amount":"100,000.00 \u20ac"}],"subtotal":"100,000.00
        \u20ac","discount":"0.00 \u20ac","taxes":[],"total":"100,000.00 \u20ac","payments":[],"notes":"","state":"outstanding","tag_list":[],"url":"http://uruk-1066.sandbox-quadernoapp.com/api/v1/expenses/492368.json"}]'
    http_version: '1.1'
  recorded_at: Tue, 01 Jul 2014 09:07:18 GMT
- request:
    method: post
    uri: http://RsNaLsNr1KZcdrQRKKKk@uruk-1066.sandbox-quadernoapp.com/api/v1/expenses/492370/payments.json
    body:
      encoding: US-ASCII
      string: payment_method=cash&amount=10000
    headers:
      authorization:
      - Basic UnNOYUxzTnIxS1pjZHJRUktLS2s6
  response:
    status:
      code: 201
      message: Created
    headers:
      server:
      - nginx/1.4.5
      date:
      - Tue, 01 Jul 2014 09:07:19 GMT
      content-type:
      - application/json; charset=utf-8
      transfer-encoding:
      - chunked
      connection:
      - close
      status:
      - 201 Created
      x-ratelimit-limit:
      - '2000'
      x-ratelimit-remaining:
      - '1959'
      x-ua-compatible:
      - IE=Edge,chrome=1
      etag:
      - ! '"3eff255bf5a0e1dcdf84fb60b5807fcc"'
      cache-control:
      - max-age=0, private, must-revalidate
      set-cookie:
      - _quaderno_session=BAh7BkkiD3Nlc3Npb25faWQGOgZFVEkiJWZkMDkwOTY5ZmY3MjYwOTczOTlmOTE0NGY1MTY2NWFjBjsAVA%3D%3D--8a8720ed55cb31c7139096f515a035ea62cbbda2;
        domain=sandbox-quadernoapp.com; path=/; HttpOnly
      x-request-id:
      - 404ff4472706582b4c490524887c9938
      x-runtime:
      - '0.069431'
      x-rack-cache:
      - invalidate, pass
    body:
      encoding: US-ASCII
      string: ! '{"id":328808,"date":"2014-07-01","payment_method":"cash","amount":"10,000.00
        \u20ac","url":"http://uruk-1066.sandbox-quadernoapp.com/api/v1/expenses/492370/payments/328808.json"}'
    http_version: '1.1'
  recorded_at: Tue, 01 Jul 2014 09:07:19 GMT
- request:
    method: delete
    uri: http://RsNaLsNr1KZcdrQRKKKk@uruk-1066.sandbox-quadernoapp.com/api/v1/expenses/492370/payments/328808.json
    body:
      encoding: US-ASCII
      string: ''
    headers:
      authorization:
      - Basic UnNOYUxzTnIxS1pjZHJRUktLS2s6
  response:
    status:
      code: 204
      message: No Content
    headers:
      server:
      - nginx/1.4.5
      date:
      - Tue, 01 Jul 2014 09:07:19 GMT
      connection:
      - close
      status:
      - 204 No Content
      x-ratelimit-limit:
      - '2000'
      x-ratelimit-remaining:
      - '1958'
      x-ua-compatible:
      - IE=Edge,chrome=1
      cache-control:
      - no-cache
      set-cookie:
      - _quaderno_session=BAh7BkkiD3Nlc3Npb25faWQGOgZFVEkiJThiMDY3Y2MzYWVjZWNmMDNhNzgxYzQ2OGUzOWI2MzIzBjsAVA%3D%3D--ca794873f9c264eb3e9dce84fb8ad4ef9c4a2926;
        domain=sandbox-quadernoapp.com; path=/; HttpOnly
      x-request-id:
      - 71658558015eef02e66383aa2064498c
      x-runtime:
      - '0.083843'
      x-rack-cache:
      - invalidate, pass
    body:
      encoding: US-ASCII
      string: ''
    http_version: '1.1'
  recorded_at: Tue, 01 Jul 2014 09:07:19 GMT
recorded_with: VCR 2.9.2
