---
http_interactions:
- request:
    method: get
    uri: http://RsNaLsNr1KZcdrQRKKKk@uruk-1066.sandbox-quadernoapp.com/api/v1/contacts.json
    body:
      encoding: US-ASCII
      string: ''
    headers:
      authorization:
      - Basic UnNOYUxzTnIxS1pjZHJRUktLS2s6
  response:
    status:
      code: 200
      message: OK
    headers:
      server:
      - nginx/1.4.5
      date:
      - Tue, 01 Jul 2014 09:06:22 GMT
      content-type:
      - application/json; charset=utf-8
      transfer-encoding:
      - chunked
      connection:
      - close
      status:
      - 200 OK
      x-ratelimit-limit:
      - '2000'
      x-ratelimit-remaining:
      - '1977'
      x-pages-currentpage:
      - '1'
      x-pages-totalpages:
      - '1'
      x-ua-compatible:
      - IE=Edge,chrome=1
      etag:
      - ! '"bcad972a420d51a47d312c5b43926c87"'
      cache-control:
      - must-revalidate, private, max-age=0
      x-request-id:
      - 4a281994d5e3e16f8dec6ec58ea0f061
      x-runtime:
      - '0.060531'
      x-rack-cache:
      - miss
    body:
      encoding: US-ASCII
      string: ! '[{"id":142297,"kind":"company","full_name":"Dummy","contact_name":null,"street_line_1":"","street_line_2":null,"postal_code":"","city":"","region":"","country":"US","phone_1":"","phone_2":null,"fax":null,"email":"","web":null,"discount":null,"tax_id":"","language":"ES","notes":null,"url":"http://uruk-1066.sandbox-quadernoapp.com/api/v1/contacts/142297"},{"id":142302,"kind":"company","full_name":"Pepe
        Gotera & Otilio","contact_name":null,"street_line_1":"","street_line_2":null,"postal_code":"","city":"","region":"","country":"ES","phone_1":"","phone_2":null,"fax":null,"email":"","web":null,"discount":null,"tax_id":"","bank_account":null,"language":"ES","notes":null,"url":"http://uruk-1066.sandbox-quadernoapp.com/api/v1/contacts/142302"},{"id":142298,"kind":"company","full_name":"Test","contact_name":null,"street_line_1":"Evergreen
        Terrace","street_line_2":null,"postal_code":"K0A 1B0","city":"Springfield","region":"","country":"US","phone_1":"3447277","phone_2":null,"fax":null,"email":"","web":null,"discount":null,"tax_id":"","language":"ES","notes":null,"url":"http://uruk-1066.sandbox-quadernoapp.com/api/v1/contacts/142298"},{"id":142299,"kind":"person","first_name":"Test_OCP","last_name":"Stanman","full_name":"Test_OCP
        Stanman","street_line_1":"","street_line_2":null,"postal_code":"","city":"","region":"Monkey
        Island","country":"BS","phone_1":"","phone_2":null,"fax":null,"email":"dont@stop.believing","web":null,"discount":null,"tax_id":"","language":"ES","notes":null,"url":"http://uruk-1066.sandbox-quadernoapp.com/api/v1/contacts/142299"},{"id":142303,"kind":"company","full_name":"Test_Skynet","contact_name":null,"street_line_1":null,"street_line_2":null,"postal_code":null,"city":null,"region":null,"country":"US","phone_1":null,"phone_2":null,"fax":null,"email":"my_little@po.ny","web":null,"discount":null,"tax_id":null,"language":"EN","notes":null,"url":"http://uruk-1066.sandbox-quadernoapp.com/api/v1/contacts/142303"},{"id":142301,"kind":"person","first_name":"Vince","last_name":"Offer","full_name":"Vince
        Offer","street_line_1":"","street_line_2":null,"postal_code":"","city":"","region":"","country":"US","phone_1":"","phone_2":null,"fax":null,"email":"","web":null,"discount":null,"tax_id":"","language":"ES","notes":null,"url":"http://uruk-1066.sandbox-quadernoapp.com/api/v1/contacts/142301"}]'
    http_version: '1.1'
  recorded_at: Tue, 01 Jul 2014 09:06:22 GMT
- request:
    method: post
    uri: http://RsNaLsNr1KZcdrQRKKKk@uruk-1066.sandbox-quadernoapp.com/api/v1/estimates.json
    body:
      encoding: US-ASCII
      string: contact_id=142297&number=test%20number%204400&contact_name=Dummy&currency=EUR&items_attributes[][description]=Aircraft&items_attributes[][quantity]=1.0&items_attributes[][unit_price]=0.0&tags=tnt&payment_details=&notes=
    headers:
      authorization:
      - Basic UnNOYUxzTnIxS1pjZHJRUktLS2s6
  response:
    status:
      code: 201
      message: Created
    headers:
      server:
      - nginx/1.4.5
      date:
      - Tue, 01 Jul 2014 09:06:23 GMT
      content-type:
      - application/json; charset=utf-8
      transfer-encoding:
      - chunked
      connection:
      - close
      status:
      - 201 Created
      x-ratelimit-limit:
      - '2000'
      x-ratelimit-remaining:
      - '1976'
      x-ua-compatible:
      - IE=Edge,chrome=1
      etag:
      - ! '"2f7c576e408f5fd380444eed26e77e91"'
      cache-control:
      - max-age=0, private, must-revalidate
      set-cookie:
      - _quaderno_session=BAh7BkkiD3Nlc3Npb25faWQGOgZFVEkiJWRhZGFjMDZlNjg1NmMyMjhkMDY5N2U2OTVkYzg0MzMxBjsAVA%3D%3D--be296880f4dd9ad716ee0f7d5f50d511f32b295c;
        domain=sandbox-quadernoapp.com; path=/; HttpOnly
      x-request-id:
      - 90321a86d9b3ea039348f5a8b199a6ba
      x-runtime:
      - '0.088803'
      x-rack-cache:
      - invalidate, pass
    body:
      encoding: US-ASCII
      string: ! '{"id":492375,"number":"test number 4400","issue_date":"2014-07-01","contact":{"id":142297,"full_name":"Dummy"},"po_number":null,"currency":"EUR","items":[{"id":1294894,"description":"Aircraft","quantity":"1.0","unit_price":"0.0","discount_rate":"0.0","tax_1_name":null,"tax_1_rate":null,"tax_2_name":null,"tax_2_rate":null,"reference":null,"subtotal":"0.00
        \u20ac","discount":"0.00 \u20ac","gross_amount":"0.00 \u20ac"}],"subtotal":"0.00
        \u20ac","discount":"0.00 \u20ac","taxes":[],"total":"0.00 \u20ac","payment_details":"","notes":"","state":"draft","tag_list":[],"secure_id":"3b1c62e8aeceb4678be7f9a4977e1342854e6731","permalink":"http://uruk-1066.sandbox-quadernoapp.com/estimate/3b1c62e8aeceb4678be7f9a4977e1342854e6731","url":"http://uruk-1066.sandbox-quadernoapp.com/api/v1/estimates/492375.json"}'
    http_version: '1.1'
  recorded_at: Tue, 01 Jul 2014 09:06:23 GMT
- request:
    method: put
    uri: http://RsNaLsNr1KZcdrQRKKKk@uruk-1066.sandbox-quadernoapp.com/api/v1/estimates/492375.json
    body:
      encoding: US-ASCII
      string: payment_details=Show%20me%20the%20moneeeeeeeyy!!!!
    headers:
      authorization:
      - Basic UnNOYUxzTnIxS1pjZHJRUktLS2s6
  response:
    status:
      code: 200
      message: OK
    headers:
      server:
      - nginx/1.4.5
      date:
      - Tue, 01 Jul 2014 09:06:24 GMT
      content-type:
      - application/json; charset=utf-8
      transfer-encoding:
      - chunked
      connection:
      - close
      status:
      - 200 OK
      x-ratelimit-limit:
      - '2000'
      x-ratelimit-remaining:
      - '1975'
      x-ua-compatible:
      - IE=Edge,chrome=1
      etag:
      - ! '"476426cae24153a354a659e759379fc7"'
      cache-control:
      - max-age=0, private, must-revalidate
      set-cookie:
      - _quaderno_session=BAh7BkkiD3Nlc3Npb25faWQGOgZFVEkiJTJiYzZlZGZmMzM5MzIwZmI4MTI3ZTNmZmU2YzI4MTFlBjsAVA%3D%3D--89305d120fd07a0784489491e76be6cfc52cef08;
        domain=sandbox-quadernoapp.com; path=/; HttpOnly
      x-request-id:
      - 3c604b565b4c29c997003748750c35fc
      x-runtime:
      - '0.149959'
      x-rack-cache:
      - invalidate, pass
    body:
      encoding: US-ASCII
      string: ! '{"id":492375,"number":"test number 4400","issue_date":"2014-07-01","contact":{"id":142297,"full_name":"Dummy"},"po_number":null,"currency":"EUR","items":[{"id":1294894,"description":"Aircraft","quantity":"1.0","unit_price":"0.0","discount_rate":"0.0","tax_1_name":null,"tax_1_rate":null,"tax_2_name":null,"tax_2_rate":null,"reference":null,"subtotal":"0.00
        \u20ac","discount":"0.00 \u20ac","gross_amount":"0.00 \u20ac"}],"subtotal":"0.00
        \u20ac","discount":"0.00 \u20ac","taxes":[],"total":"0.00 \u20ac","payment_details":"Show
        me the moneeeeeeeyy!!!!","notes":"","state":"draft","tag_list":[],"secure_id":"3b1c62e8aeceb4678be7f9a4977e1342854e6731","permalink":"http://uruk-1066.sandbox-quadernoapp.com/estimate/3b1c62e8aeceb4678be7f9a4977e1342854e6731","url":"http://uruk-1066.sandbox-quadernoapp.com/api/v1/estimates/492375.json"}'
    http_version: '1.1'
  recorded_at: Tue, 01 Jul 2014 09:06:24 GMT
- request:
    method: delete
    uri: http://RsNaLsNr1KZcdrQRKKKk@uruk-1066.sandbox-quadernoapp.com/api/v1/estimates/492375.json
    body:
      encoding: US-ASCII
      string: ''
    headers:
      authorization:
      - Basic UnNOYUxzTnIxS1pjZHJRUktLS2s6
  response:
    status:
      code: 204
      message: No Content
    headers:
      server:
      - nginx/1.4.5
      date:
      - Tue, 01 Jul 2014 09:06:25 GMT
      connection:
      - close
      status:
      - 204 No Content
      x-ratelimit-limit:
      - '2000'
      x-ratelimit-remaining:
      - '1974'
      x-ua-compatible:
      - IE=Edge,chrome=1
      cache-control:
      - no-cache
      set-cookie:
      - _quaderno_session=BAh7BkkiD3Nlc3Npb25faWQGOgZFVEkiJWQ4ODUxZTVmYjg0NTRjYWI1OTJmMzJmZjJlN2YxOGRmBjsAVA%3D%3D--eb03089474effc6a3268eb3339f0dd67b9ec816a;
        domain=sandbox-quadernoapp.com; path=/; HttpOnly
      x-request-id:
      - 7600b3c1598696e5b54579c248c54f9c
      x-runtime:
      - '0.118703'
      x-rack-cache:
      - invalidate, pass
    body:
      encoding: US-ASCII
      string: ''
    http_version: '1.1'
  recorded_at: Tue, 01 Jul 2014 09:06:25 GMT
recorded_with: VCR 2.9.2
